iueieieieieieieieieieieieieieieieie
